// Vitest Snapshot v1, https://vitest.dev/guide/snapshot.html

exports[`no crashes! > renders table without crashing 1`] = `
<body>
  <div>
    <div
      class="container"
    >
      <header
        class="header bg-black py-2 px-5 h-auto top-0 bg-slate-950 text-white text-lg leading-5"
      >
        <nav
          aria-label="Global"
          class="mx-auto h-full flex items-center justify-between"
        >
          <div
            class="flex lg:flex-1"
          >
            <span
              class="headerLogoArea"
            >
              <span
                class="pr-3"
              >
                <img
                  height="20px"
                  src="peach.webp"
                  width="20px"
                />
              </span>
              Georgia Votes 
              <span
                class="uppercase font-bold"
              >
                Visual
              </span>
            </span>
          </div>
          <div
            class="flex flex-1 justify-end md:hidden"
          >
            <button
              class="-m-2.5 inline-flex items-center justify-center rounded-md p-2.5"
              type="button"
            >
              <svg
                class="lucide lucide-menu"
                fill="none"
                height="24"
                stroke="currentColor"
                stroke-linecap="round"
                stroke-linejoin="round"
                stroke-width="2"
                viewBox="0 0 24 24"
                width="24"
                xmlns="http://www.w3.org/2000/svg"
              >
                <line
                  x1="4"
                  x2="20"
                  y1="12"
                  y2="12"
                />
                <line
                  x1="4"
                  x2="20"
                  y1="6"
                  y2="6"
                />
                <line
                  x1="4"
                  x2="20"
                  y1="18"
                  y2="18"
                />
              </svg>
            </button>
          </div>
          <div
            aria-modal="true"
            class="md:hidden"
            role="dialog"
          />
          <div
            class="hidden md:flex md:flex-1 md:justify-end"
          >
            <div
              class="navigationMenu"
            >
              <ul>
                <li
                  class="text-gray-300 hover:bg-gray-700 hover:text-white rounded-md px-3 py-2 text-sm font-medium"
                >
                  <svg
                    class="lucide lucide-globe mr-2 md:mr-1 h-4 w-4"
                    fill="none"
                    height="24"
                    stroke="currentColor"
                    stroke-linecap="round"
                    stroke-linejoin="round"
                    stroke-width="2"
                    viewBox="0 0 24 24"
                    width="24"
                    xmlns="http://www.w3.org/2000/svg"
                  >
                    <circle
                      cx="12"
                      cy="12"
                      r="10"
                    />
                    <path
                      d="M12 2a14.5 14.5 0 0 0 0 20 14.5 14.5 0 0 0 0-20"
                    />
                    <path
                      d="M2 12h20"
                    />
                  </svg>
                  Map
                </li>
                <li
                  class="text-gray-300 hover:bg-gray-700 hover:text-white rounded-md px-3 py-2 text-sm font-medium"
                >
                  <svg
                    class="lucide lucide-scatter-chart mr-2 md:mr-1 h-4 w-4"
                    fill="none"
                    height="24"
                    stroke="currentColor"
                    stroke-linecap="round"
                    stroke-linejoin="round"
                    stroke-width="2"
                    viewBox="0 0 24 24"
                    width="24"
                    xmlns="http://www.w3.org/2000/svg"
                  >
                    <circle
                      cx="7.5"
                      cy="7.5"
                      fill="currentColor"
                      r=".5"
                    />
                    <circle
                      cx="18.5"
                      cy="5.5"
                      fill="currentColor"
                      r=".5"
                    />
                    <circle
                      cx="11.5"
                      cy="11.5"
                      fill="currentColor"
                      r=".5"
                    />
                    <circle
                      cx="7.5"
                      cy="16.5"
                      fill="currentColor"
                      r=".5"
                    />
                    <circle
                      cx="17.5"
                      cy="14.5"
                      fill="currentColor"
                      r=".5"
                    />
                    <path
                      d="M3 3v18h18"
                    />
                  </svg>
                  Scatter Plot
                </li>
                <li
                  class="text-gray-300 hover:bg-gray-700 hover:text-white rounded-md px-3 py-2 text-sm font-medium"
                >
                  <svg
                    class="lucide lucide-table mr-2 md:mr-1 h-4 w-4"
                    fill="none"
                    height="24"
                    stroke="currentColor"
                    stroke-linecap="round"
                    stroke-linejoin="round"
                    stroke-width="2"
                    viewBox="0 0 24 24"
                    width="24"
                    xmlns="http://www.w3.org/2000/svg"
                  >
                    <path
                      d="M12 3v18"
                    />
                    <rect
                      height="18"
                      rx="2"
                      width="18"
                      x="3"
                      y="3"
                    />
                    <path
                      d="M3 9h18"
                    />
                    <path
                      d="M3 15h18"
                    />
                  </svg>
                  Table
                </li>
                <li
                  class="text-gray-300 hover:bg-gray-700 hover:text-white rounded-md px-3 py-2 text-sm font-medium"
                >
                  <svg
                    class="lucide lucide-sliders-horizontal mr-2 md:mr-1 h-4 w-4"
                    fill="none"
                    height="24"
                    stroke="currentColor"
                    stroke-linecap="round"
                    stroke-linejoin="round"
                    stroke-width="2"
                    viewBox="0 0 24 24"
                    width="24"
                    xmlns="http://www.w3.org/2000/svg"
                  >
                    <line
                      x1="21"
                      x2="14"
                      y1="4"
                      y2="4"
                    />
                    <line
                      x1="10"
                      x2="3"
                      y1="4"
                      y2="4"
                    />
                    <line
                      x1="21"
                      x2="12"
                      y1="12"
                      y2="12"
                    />
                    <line
                      x1="8"
                      x2="3"
                      y1="12"
                      y2="12"
                    />
                    <line
                      x1="21"
                      x2="16"
                      y1="20"
                      y2="20"
                    />
                    <line
                      x1="12"
                      x2="3"
                      y1="20"
                      y2="20"
                    />
                    <line
                      x1="14"
                      x2="14"
                      y1="2"
                      y2="6"
                    />
                    <line
                      x1="8"
                      x2="8"
                      y1="10"
                      y2="14"
                    />
                    <line
                      x1="16"
                      x2="16"
                      y1="18"
                      y2="22"
                    />
                  </svg>
                  Settings
                </li>
              </ul>
            </div>
          </div>
        </nav>
      </header>
      <div
        class="pageGrid"
      >
        <div
          class="one"
        >
          <div
            class="p-4"
            data-testid="electionResultTableWrapper"
          >
            <div
              class="mx-auto flex items-center justify-between"
            >
              <div
                class="flex lg:flex-1"
              >
                <div
                  class="text-2xl font-bold"
                >
                  <a>
                    State of Georgia
                  </a>
                </div>
              </div>
              <div
                class="flex flex-1 justify-end"
              >
                <button
                  class="-m-2.5 inline-flex items-center justify-center rounded-md p-2.5"
                  data-testid="dataElementSettings"
                  type="button"
                >
                  <svg
                    class="lucide lucide-settings mr-2 h-5 w-5"
                    fill="none"
                    height="24"
                    stroke="currentColor"
                    stroke-linecap="round"
                    stroke-linejoin="round"
                    stroke-width="2"
                    viewBox="0 0 24 24"
                    width="24"
                    xmlns="http://www.w3.org/2000/svg"
                  >
                    <path
                      d="M12.22 2h-.44a2 2 0 0 0-2 2v.18a2 2 0 0 1-1 1.73l-.43.25a2 2 0 0 1-2 0l-.15-.08a2 2 0 0 0-2.73.73l-.22.38a2 2 0 0 0 .73 2.73l.15.1a2 2 0 0 1 1 1.72v.51a2 2 0 0 1-1 1.74l-.15.09a2 2 0 0 0-.73 2.73l.22.38a2 2 0 0 0 2.73.73l.15-.08a2 2 0 0 1 2 0l.43.25a2 2 0 0 1 1 1.73V20a2 2 0 0 0 2 2h.44a2 2 0 0 0 2-2v-.18a2 2 0 0 1 1-1.73l.43-.25a2 2 0 0 1 2 0l.15.08a2 2 0 0 0 2.73-.73l.22-.39a2 2 0 0 0-.73-2.73l-.15-.08a2 2 0 0 1-1-1.74v-.5a2 2 0 0 1 1-1.74l.15-.09a2 2 0 0 0 .73-2.73l-.22-.38a2 2 0 0 0-2.73-.73l-.15.08a2 2 0 0 1-2 0l-.43-.25a2 2 0 0 1-1-1.73V4a2 2 0 0 0-2-2z"
                    />
                    <circle
                      cx="12"
                      cy="12"
                      r="3"
                    />
                  </svg>
                </button>
                <a
                  download="voting-data.csv"
                  target="_self"
                >
                  <svg
                    class="lucide lucide-download mr-2 h-5 w-5"
                    fill="none"
                    height="24"
                    stroke="currentColor"
                    stroke-linecap="round"
                    stroke-linejoin="round"
                    stroke-width="2"
                    viewBox="0 0 24 24"
                    width="24"
                    xmlns="http://www.w3.org/2000/svg"
                  >
                    <path
                      d="M21 15v4a2 2 0 0 1-2 2H5a2 2 0 0 1-2-2v-4"
                    />
                    <polyline
                      points="7 10 12 15 17 10"
                    />
                    <line
                      x1="12"
                      x2="12"
                      y1="15"
                      y2="3"
                    />
                  </svg>
                </a>
              </div>
            </div>
            <div
              class="pt-6"
            >
              <div
                class="ant-table-wrapper"
              >
                <div
                  class="ant-spin-nested-loading"
                >
                  <div
                    class="ant-spin-container"
                  >
                    <div
                      class="ant-table ant-table-small ant-table-empty ant-table-fixed-header ant-table-fixed-column ant-table-scroll-horizontal ant-table-has-fix-left"
                      data-testid="electionResultTable"
                    >
                      <div
                        class="ant-table-container"
                      >
                        <div
                          class="ant-table-header ant-table-sticky-holder"
                          style="overflow: hidden; top: 0px;"
                        >
                          <table
                            style="table-layout: fixed;"
                          >
                            <colgroup />
                            <thead
                              class="ant-table-thead"
                            >
                              <tr>
                                <th
                                  aria-sort="ascending"
                                  class="ant-table-cell ant-table-column-sort ant-table-cell-fix-left ant-table-cell-fix-left-last ant-table-cell-fix-sticky ant-table-column-has-sorters"
                                  rowspan="2"
                                  scope="col"
                                  style="position: sticky; left: 0px;"
                                  tabindex="0"
                                >
                                  <div
                                    class="ant-table-column-sorters"
                                  >
                                    <span
                                      class="ant-table-column-title"
                                    >
                                      County
                                    </span>
                                    <span
                                      class="ant-table-column-sorter ant-table-column-sorter-full"
                                    >
                                      <span
                                        aria-hidden="true"
                                        class="ant-table-column-sorter-inner"
                                      >
                                        <span
                                          aria-label="caret-up"
                                          class="anticon anticon-caret-up ant-table-column-sorter-up active"
                                          role="img"
                                        >
                                          <svg
                                            aria-hidden="true"
                                            data-icon="caret-up"
                                            fill="currentColor"
                                            focusable="false"
                                            height="1em"
                                            viewBox="0 0 1024 1024"
                                            width="1em"
                                          >
                                            <path
                                              d="M858.9 689L530.5 308.2c-9.4-10.9-27.5-10.9-37 0L165.1 689c-12.2 14.2-1.2 35 18.5 35h656.8c19.7 0 30.7-20.8 18.5-35z"
                                            />
                                          </svg>
                                        </span>
                                        <span
                                          aria-label="caret-down"
                                          class="anticon anticon-caret-down ant-table-column-sorter-down"
                                          role="img"
                                        >
                                          <svg
                                            aria-hidden="true"
                                            data-icon="caret-down"
                                            fill="currentColor"
                                            focusable="false"
                                            height="1em"
                                            viewBox="0 0 1024 1024"
                                            width="1em"
                                          >
                                            <path
                                              d="M840.4 300H183.6c-19.7 0-30.7 20.8-18.5 35l328.4 380.8c9.4 10.9 27.5 10.9 37 0L858.9 335c12.2-14.2 1.2-35-18.5-35z"
                                            />
                                          </svg>
                                        </span>
                                      </span>
                                    </span>
                                  </div>
                                </th>
                                <th
                                  class="ant-table-cell"
                                  scope="col"
                                >
                                  Comparison of Absentee Ballots
                                </th>
                                <th
                                  class="ant-table-cell"
                                  scope="col"
                                >
                                  Absentee Ballots - 2024 Primary
                                </th>
                                <th
                                  class="ant-table-cell"
                                  scope="col"
                                >
                                  Absentee Ballots - 2022 General
                                </th>
                                <th
                                  class="ant-table-cell"
                                  colspan="3"
                                  scope="colgroup"
                                >
                                  2022 Senate Runoff - US Senate
                                </th>
                                <th
                                  class="ant-table-cell"
                                  colspan="3"
                                  scope="colgroup"
                                >
                                  2022 General - US Senate
                                </th>
                                <th
                                  class="ant-table-cell"
                                  colspan="3"
                                  scope="colgroup"
                                >
                                  Comparison of Election Results
                                </th>
                              </tr>
                              <tr>
                                <th
                                  aria-label="Ratio on Same Day"
                                  class="ant-table-cell ant-table-column-has-sorters"
                                  scope="col"
                                  style="text-align: right;"
                                  tabindex="0"
                                >
                                  <div
                                    class="ant-table-column-sorters"
                                  >
                                    <span
                                      class="ant-table-column-title"
                                    >
                                      Ratio on Same Day
                                    </span>
                                    <span
                                      class="ant-table-column-sorter ant-table-column-sorter-full"
                                    >
                                      <span
                                        aria-hidden="true"
                                        class="ant-table-column-sorter-inner"
                                      >
                                        <span
                                          aria-label="caret-up"
                                          class="anticon anticon-caret-up ant-table-column-sorter-up"
                                          role="img"
                                        >
                                          <svg
                                            aria-hidden="true"
                                            data-icon="caret-up"
                                            fill="currentColor"
                                            focusable="false"
                                            height="1em"
                                            viewBox="0 0 1024 1024"
                                            width="1em"
                                          >
                                            <path
                                              d="M858.9 689L530.5 308.2c-9.4-10.9-27.5-10.9-37 0L165.1 689c-12.2 14.2-1.2 35 18.5 35h656.8c19.7 0 30.7-20.8 18.5-35z"
                                            />
                                          </svg>
                                        </span>
                                        <span
                                          aria-label="caret-down"
                                          class="anticon anticon-caret-down ant-table-column-sorter-down"
                                          role="img"
                                        >
                                          <svg
                                            aria-hidden="true"
                                            data-icon="caret-down"
                                            fill="currentColor"
                                            focusable="false"
                                            height="1em"
                                            viewBox="0 0 1024 1024"
                                            width="1em"
                                          >
                                            <path
                                              d="M840.4 300H183.6c-19.7 0-30.7 20.8-18.5 35l328.4 380.8c9.4 10.9 27.5 10.9 37 0L858.9 335c12.2-14.2 1.2-35-18.5-35z"
                                            />
                                          </svg>
                                        </span>
                                      </span>
                                    </span>
                                  </div>
                                </th>
                                <th
                                  aria-label="At Same Days to Election"
                                  class="ant-table-cell ant-table-column-has-sorters"
                                  scope="col"
                                  style="text-align: right;"
                                  tabindex="0"
                                >
                                  <div
                                    class="ant-table-column-sorters"
                                  >
                                    <span
                                      class="ant-table-column-title"
                                    >
                                      At Same Days to Election
                                    </span>
                                    <span
                                      class="ant-table-column-sorter ant-table-column-sorter-full"
                                    >
                                      <span
                                        aria-hidden="true"
                                        class="ant-table-column-sorter-inner"
                                      >
                                        <span
                                          aria-label="caret-up"
                                          class="anticon anticon-caret-up ant-table-column-sorter-up"
                                          role="img"
                                        >
                                          <svg
                                            aria-hidden="true"
                                            data-icon="caret-up"
                                            fill="currentColor"
                                            focusable="false"
                                            height="1em"
                                            viewBox="0 0 1024 1024"
                                            width="1em"
                                          >
                                            <path
                                              d="M858.9 689L530.5 308.2c-9.4-10.9-27.5-10.9-37 0L165.1 689c-12.2 14.2-1.2 35 18.5 35h656.8c19.7 0 30.7-20.8 18.5-35z"
                                            />
                                          </svg>
                                        </span>
                                        <span
                                          aria-label="caret-down"
                                          class="anticon anticon-caret-down ant-table-column-sorter-down"
                                          role="img"
                                        >
                                          <svg
                                            aria-hidden="true"
                                            data-icon="caret-down"
                                            fill="currentColor"
                                            focusable="false"
                                            height="1em"
                                            viewBox="0 0 1024 1024"
                                            width="1em"
                                          >
                                            <path
                                              d="M840.4 300H183.6c-19.7 0-30.7 20.8-18.5 35l328.4 380.8c9.4 10.9 27.5 10.9 37 0L858.9 335c12.2-14.2 1.2-35-18.5-35z"
                                            />
                                          </svg>
                                        </span>
                                      </span>
                                    </span>
                                  </div>
                                </th>
                                <th
                                  aria-label="At Same Days to Election"
                                  class="ant-table-cell ant-table-column-has-sorters"
                                  scope="col"
                                  style="text-align: right;"
                                  tabindex="0"
                                >
                                  <div
                                    class="ant-table-column-sorters"
                                  >
                                    <span
                                      class="ant-table-column-title"
                                    >
                                      At Same Days to Election
                                    </span>
                                    <span
                                      class="ant-table-column-sorter ant-table-column-sorter-full"
                                    >
                                      <span
                                        aria-hidden="true"
                                        class="ant-table-column-sorter-inner"
                                      >
                                        <span
                                          aria-label="caret-up"
                                          class="anticon anticon-caret-up ant-table-column-sorter-up"
                                          role="img"
                                        >
                                          <svg
                                            aria-hidden="true"
                                            data-icon="caret-up"
                                            fill="currentColor"
                                            focusable="false"
                                            height="1em"
                                            viewBox="0 0 1024 1024"
                                            width="1em"
                                          >
                                            <path
                                              d="M858.9 689L530.5 308.2c-9.4-10.9-27.5-10.9-37 0L165.1 689c-12.2 14.2-1.2 35 18.5 35h656.8c19.7 0 30.7-20.8 18.5-35z"
                                            />
                                          </svg>
                                        </span>
                                        <span
                                          aria-label="caret-down"
                                          class="anticon anticon-caret-down ant-table-column-sorter-down"
                                          role="img"
                                        >
                                          <svg
                                            aria-hidden="true"
                                            data-icon="caret-down"
                                            fill="currentColor"
                                            focusable="false"
                                            height="1em"
                                            viewBox="0 0 1024 1024"
                                            width="1em"
                                          >
                                            <path
                                              d="M840.4 300H183.6c-19.7 0-30.7 20.8-18.5 35l328.4 380.8c9.4 10.9 27.5 10.9 37 0L858.9 335c12.2-14.2 1.2-35-18.5-35z"
                                            />
                                          </svg>
                                        </span>
                                      </span>
                                    </span>
                                  </div>
                                </th>
                                <th
                                  aria-label="Walker (R) %"
                                  class="ant-table-cell ant-table-column-has-sorters"
                                  scope="col"
                                  style="text-align: right;"
                                  tabindex="0"
                                >
                                  <div
                                    class="ant-table-column-sorters"
                                  >
                                    <span
                                      class="ant-table-column-title"
                                    >
                                      Walker (R) %
                                    </span>
                                    <span
                                      class="ant-table-column-sorter ant-table-column-sorter-full"
                                    >
                                      <span
                                        aria-hidden="true"
                                        class="ant-table-column-sorter-inner"
                                      >
                                        <span
                                          aria-label="caret-up"
                                          class="anticon anticon-caret-up ant-table-column-sorter-up"
                                          role="img"
                                        >
                                          <svg
                                            aria-hidden="true"
                                            data-icon="caret-up"
                                            fill="currentColor"
                                            focusable="false"
                                            height="1em"
                                            viewBox="0 0 1024 1024"
                                            width="1em"
                                          >
                                            <path
                                              d="M858.9 689L530.5 308.2c-9.4-10.9-27.5-10.9-37 0L165.1 689c-12.2 14.2-1.2 35 18.5 35h656.8c19.7 0 30.7-20.8 18.5-35z"
                                            />
                                          </svg>
                                        </span>
                                        <span
                                          aria-label="caret-down"
                                          class="anticon anticon-caret-down ant-table-column-sorter-down"
                                          role="img"
                                        >
                                          <svg
                                            aria-hidden="true"
                                            data-icon="caret-down"
                                            fill="currentColor"
                                            focusable="false"
                                            height="1em"
                                            viewBox="0 0 1024 1024"
                                            width="1em"
                                          >
                                            <path
                                              d="M840.4 300H183.6c-19.7 0-30.7 20.8-18.5 35l328.4 380.8c9.4 10.9 27.5 10.9 37 0L858.9 335c12.2-14.2 1.2-35-18.5-35z"
                                            />
                                          </svg>
                                        </span>
                                      </span>
                                    </span>
                                  </div>
                                </th>
                                <th
                                  aria-label="Warnock (D) %"
                                  class="ant-table-cell ant-table-column-has-sorters"
                                  scope="col"
                                  style="text-align: right;"
                                  tabindex="0"
                                >
                                  <div
                                    class="ant-table-column-sorters"
                                  >
                                    <span
                                      class="ant-table-column-title"
                                    >
                                      Warnock (D) %
                                    </span>
                                    <span
                                      class="ant-table-column-sorter ant-table-column-sorter-full"
                                    >
                                      <span
                                        aria-hidden="true"
                                        class="ant-table-column-sorter-inner"
                                      >
                                        <span
                                          aria-label="caret-up"
                                          class="anticon anticon-caret-up ant-table-column-sorter-up"
                                          role="img"
                                        >
                                          <svg
                                            aria-hidden="true"
                                            data-icon="caret-up"
                                            fill="currentColor"
                                            focusable="false"
                                            height="1em"
                                            viewBox="0 0 1024 1024"
                                            width="1em"
                                          >
                                            <path
                                              d="M858.9 689L530.5 308.2c-9.4-10.9-27.5-10.9-37 0L165.1 689c-12.2 14.2-1.2 35 18.5 35h656.8c19.7 0 30.7-20.8 18.5-35z"
                                            />
                                          </svg>
                                        </span>
                                        <span
                                          aria-label="caret-down"
                                          class="anticon anticon-caret-down ant-table-column-sorter-down"
                                          role="img"
                                        >
                                          <svg
                                            aria-hidden="true"
                                            data-icon="caret-down"
                                            fill="currentColor"
                                            focusable="false"
                                            height="1em"
                                            viewBox="0 0 1024 1024"
                                            width="1em"
                                          >
                                            <path
                                              d="M840.4 300H183.6c-19.7 0-30.7 20.8-18.5 35l328.4 380.8c9.4 10.9 27.5 10.9 37 0L858.9 335c12.2-14.2 1.2-35-18.5-35z"
                                            />
                                          </svg>
                                        </span>
                                      </span>
                                    </span>
                                  </div>
                                </th>
                                <th
                                  aria-label="Margin %"
                                  class="ant-table-cell ant-table-column-has-sorters"
                                  scope="col"
                                  style="text-align: right;"
                                  tabindex="0"
                                >
                                  <div
                                    class="ant-table-column-sorters"
                                  >
                                    <span
                                      class="ant-table-column-title"
                                    >
                                      Margin %
                                    </span>
                                    <span
                                      class="ant-table-column-sorter ant-table-column-sorter-full"
                                    >
                                      <span
                                        aria-hidden="true"
                                        class="ant-table-column-sorter-inner"
                                      >
                                        <span
                                          aria-label="caret-up"
                                          class="anticon anticon-caret-up ant-table-column-sorter-up"
                                          role="img"
                                        >
                                          <svg
                                            aria-hidden="true"
                                            data-icon="caret-up"
                                            fill="currentColor"
                                            focusable="false"
                                            height="1em"
                                            viewBox="0 0 1024 1024"
                                            width="1em"
                                          >
                                            <path
                                              d="M858.9 689L530.5 308.2c-9.4-10.9-27.5-10.9-37 0L165.1 689c-12.2 14.2-1.2 35 18.5 35h656.8c19.7 0 30.7-20.8 18.5-35z"
                                            />
                                          </svg>
                                        </span>
                                        <span
                                          aria-label="caret-down"
                                          class="anticon anticon-caret-down ant-table-column-sorter-down"
                                          role="img"
                                        >
                                          <svg
                                            aria-hidden="true"
                                            data-icon="caret-down"
                                            fill="currentColor"
                                            focusable="false"
                                            height="1em"
                                            viewBox="0 0 1024 1024"
                                            width="1em"
                                          >
                                            <path
                                              d="M840.4 300H183.6c-19.7 0-30.7 20.8-18.5 35l328.4 380.8c9.4 10.9 27.5 10.9 37 0L858.9 335c12.2-14.2 1.2-35-18.5-35z"
                                            />
                                          </svg>
                                        </span>
                                      </span>
                                    </span>
                                  </div>
                                </th>
                                <th
                                  aria-label="Walker (R) %"
                                  class="ant-table-cell ant-table-column-has-sorters"
                                  scope="col"
                                  style="text-align: right;"
                                  tabindex="0"
                                >
                                  <div
                                    class="ant-table-column-sorters"
                                  >
                                    <span
                                      class="ant-table-column-title"
                                    >
                                      Walker (R) %
                                    </span>
                                    <span
                                      class="ant-table-column-sorter ant-table-column-sorter-full"
                                    >
                                      <span
                                        aria-hidden="true"
                                        class="ant-table-column-sorter-inner"
                                      >
                                        <span
                                          aria-label="caret-up"
                                          class="anticon anticon-caret-up ant-table-column-sorter-up"
                                          role="img"
                                        >
                                          <svg
                                            aria-hidden="true"
                                            data-icon="caret-up"
                                            fill="currentColor"
                                            focusable="false"
                                            height="1em"
                                            viewBox="0 0 1024 1024"
                                            width="1em"
                                          >
                                            <path
                                              d="M858.9 689L530.5 308.2c-9.4-10.9-27.5-10.9-37 0L165.1 689c-12.2 14.2-1.2 35 18.5 35h656.8c19.7 0 30.7-20.8 18.5-35z"
                                            />
                                          </svg>
                                        </span>
                                        <span
                                          aria-label="caret-down"
                                          class="anticon anticon-caret-down ant-table-column-sorter-down"
                                          role="img"
                                        >
                                          <svg
                                            aria-hidden="true"
                                            data-icon="caret-down"
                                            fill="currentColor"
                                            focusable="false"
                                            height="1em"
                                            viewBox="0 0 1024 1024"
                                            width="1em"
                                          >
                                            <path
                                              d="M840.4 300H183.6c-19.7 0-30.7 20.8-18.5 35l328.4 380.8c9.4 10.9 27.5 10.9 37 0L858.9 335c12.2-14.2 1.2-35-18.5-35z"
                                            />
                                          </svg>
                                        </span>
                                      </span>
                                    </span>
                                  </div>
                                </th>
                                <th
                                  aria-label="Warnock (D) %"
                                  class="ant-table-cell ant-table-column-has-sorters"
                                  scope="col"
                                  style="text-align: right;"
                                  tabindex="0"
                                >
                                  <div
                                    class="ant-table-column-sorters"
                                  >
                                    <span
                                      class="ant-table-column-title"
                                    >
                                      Warnock (D) %
                                    </span>
                                    <span
                                      class="ant-table-column-sorter ant-table-column-sorter-full"
                                    >
                                      <span
                                        aria-hidden="true"
                                        class="ant-table-column-sorter-inner"
                                      >
                                        <span
                                          aria-label="caret-up"
                                          class="anticon anticon-caret-up ant-table-column-sorter-up"
                                          role="img"
                                        >
                                          <svg
                                            aria-hidden="true"
                                            data-icon="caret-up"
                                            fill="currentColor"
                                            focusable="false"
                                            height="1em"
                                            viewBox="0 0 1024 1024"
                                            width="1em"
                                          >
                                            <path
                                              d="M858.9 689L530.5 308.2c-9.4-10.9-27.5-10.9-37 0L165.1 689c-12.2 14.2-1.2 35 18.5 35h656.8c19.7 0 30.7-20.8 18.5-35z"
                                            />
                                          </svg>
                                        </span>
                                        <span
                                          aria-label="caret-down"
                                          class="anticon anticon-caret-down ant-table-column-sorter-down"
                                          role="img"
                                        >
                                          <svg
                                            aria-hidden="true"
                                            data-icon="caret-down"
                                            fill="currentColor"
                                            focusable="false"
                                            height="1em"
                                            viewBox="0 0 1024 1024"
                                            width="1em"
                                          >
                                            <path
                                              d="M840.4 300H183.6c-19.7 0-30.7 20.8-18.5 35l328.4 380.8c9.4 10.9 27.5 10.9 37 0L858.9 335c12.2-14.2 1.2-35-18.5-35z"
                                            />
                                          </svg>
                                        </span>
                                      </span>
                                    </span>
                                  </div>
                                </th>
                                <th
                                  aria-label="Margin %"
                                  class="ant-table-cell ant-table-column-has-sorters"
                                  scope="col"
                                  style="text-align: right;"
                                  tabindex="0"
                                >
                                  <div
                                    class="ant-table-column-sorters"
                                  >
                                    <span
                                      class="ant-table-column-title"
                                    >
                                      Margin %
                                    </span>
                                    <span
                                      class="ant-table-column-sorter ant-table-column-sorter-full"
                                    >
                                      <span
                                        aria-hidden="true"
                                        class="ant-table-column-sorter-inner"
                                      >
                                        <span
                                          aria-label="caret-up"
                                          class="anticon anticon-caret-up ant-table-column-sorter-up"
                                          role="img"
                                        >
                                          <svg
                                            aria-hidden="true"
                                            data-icon="caret-up"
                                            fill="currentColor"
                                            focusable="false"
                                            height="1em"
                                            viewBox="0 0 1024 1024"
                                            width="1em"
                                          >
                                            <path
                                              d="M858.9 689L530.5 308.2c-9.4-10.9-27.5-10.9-37 0L165.1 689c-12.2 14.2-1.2 35 18.5 35h656.8c19.7 0 30.7-20.8 18.5-35z"
                                            />
                                          </svg>
                                        </span>
                                        <span
                                          aria-label="caret-down"
                                          class="anticon anticon-caret-down ant-table-column-sorter-down"
                                          role="img"
                                        >
                                          <svg
                                            aria-hidden="true"
                                            data-icon="caret-down"
                                            fill="currentColor"
                                            focusable="false"
                                            height="1em"
                                            viewBox="0 0 1024 1024"
                                            width="1em"
                                          >
                                            <path
                                              d="M840.4 300H183.6c-19.7 0-30.7 20.8-18.5 35l328.4 380.8c9.4 10.9 27.5 10.9 37 0L858.9 335c12.2-14.2 1.2-35-18.5-35z"
                                            />
                                          </svg>
                                        </span>
                                      </span>
                                    </span>
                                  </div>
                                </th>
                                <th
                                  aria-label="Swing (Shift in R/D %)"
                                  class="ant-table-cell ant-table-column-has-sorters"
                                  scope="col"
                                  style="text-align: right;"
                                  tabindex="0"
                                >
                                  <div
                                    class="ant-table-column-sorters"
                                  >
                                    <span
                                      class="ant-table-column-title"
                                    >
                                      Swing (Shift in R/D %)
                                    </span>
                                    <span
                                      class="ant-table-column-sorter ant-table-column-sorter-full"
                                    >
                                      <span
                                        aria-hidden="true"
                                        class="ant-table-column-sorter-inner"
                                      >
                                        <span
                                          aria-label="caret-up"
                                          class="anticon anticon-caret-up ant-table-column-sorter-up"
                                          role="img"
                                        >
                                          <svg
                                            aria-hidden="true"
                                            data-icon="caret-up"
                                            fill="currentColor"
                                            focusable="false"
                                            height="1em"
                                            viewBox="0 0 1024 1024"
                                            width="1em"
                                          >
                                            <path
                                              d="M858.9 689L530.5 308.2c-9.4-10.9-27.5-10.9-37 0L165.1 689c-12.2 14.2-1.2 35 18.5 35h656.8c19.7 0 30.7-20.8 18.5-35z"
                                            />
                                          </svg>
                                        </span>
                                        <span
                                          aria-label="caret-down"
                                          class="anticon anticon-caret-down ant-table-column-sorter-down"
                                          role="img"
                                        >
                                          <svg
                                            aria-hidden="true"
                                            data-icon="caret-down"
                                            fill="currentColor"
                                            focusable="false"
                                            height="1em"
                                            viewBox="0 0 1024 1024"
                                            width="1em"
                                          >
                                            <path
                                              d="M840.4 300H183.6c-19.7 0-30.7 20.8-18.5 35l328.4 380.8c9.4 10.9 27.5 10.9 37 0L858.9 335c12.2-14.2 1.2-35-18.5-35z"
                                            />
                                          </svg>
                                        </span>
                                      </span>
                                    </span>
                                  </div>
                                </th>
                                <th
                                  aria-label="% of Previous Turnout"
                                  class="ant-table-cell ant-table-column-has-sorters"
                                  scope="col"
                                  style="text-align: right;"
                                  tabindex="0"
                                >
                                  <div
                                    class="ant-table-column-sorters"
                                  >
                                    <span
                                      class="ant-table-column-title"
                                    >
                                      % of Previous Turnout
                                    </span>
                                    <span
                                      class="ant-table-column-sorter ant-table-column-sorter-full"
                                    >
                                      <span
                                        aria-hidden="true"
                                        class="ant-table-column-sorter-inner"
                                      >
                                        <span
                                          aria-label="caret-up"
                                          class="anticon anticon-caret-up ant-table-column-sorter-up"
                                          role="img"
                                        >
                                          <svg
                                            aria-hidden="true"
                                            data-icon="caret-up"
                                            fill="currentColor"
                                            focusable="false"
                                            height="1em"
                                            viewBox="0 0 1024 1024"
                                            width="1em"
                                          >
                                            <path
                                              d="M858.9 689L530.5 308.2c-9.4-10.9-27.5-10.9-37 0L165.1 689c-12.2 14.2-1.2 35 18.5 35h656.8c19.7 0 30.7-20.8 18.5-35z"
                                            />
                                          </svg>
                                        </span>
                                        <span
                                          aria-label="caret-down"
                                          class="anticon anticon-caret-down ant-table-column-sorter-down"
                                          role="img"
                                        >
                                          <svg
                                            aria-hidden="true"
                                            data-icon="caret-down"
                                            fill="currentColor"
                                            focusable="false"
                                            height="1em"
                                            viewBox="0 0 1024 1024"
                                            width="1em"
                                          >
                                            <path
                                              d="M840.4 300H183.6c-19.7 0-30.7 20.8-18.5 35l328.4 380.8c9.4 10.9 27.5 10.9 37 0L858.9 335c12.2-14.2 1.2-35-18.5-35z"
                                            />
                                          </svg>
                                        </span>
                                      </span>
                                    </span>
                                  </div>
                                </th>
                                <th
                                  aria-label="Shift in Vote Margin (Normalized)"
                                  class="ant-table-cell ant-table-column-has-sorters"
                                  scope="col"
                                  style="text-align: right;"
                                  tabindex="0"
                                >
                                  <div
                                    class="ant-table-column-sorters"
                                  >
                                    <span
                                      class="ant-table-column-title"
                                    >
                                      Shift in Vote Margin (Normalized)
                                    </span>
                                    <span
                                      class="ant-table-column-sorter ant-table-column-sorter-full"
                                    >
                                      <span
                                        aria-hidden="true"
                                        class="ant-table-column-sorter-inner"
                                      >
                                        <span
                                          aria-label="caret-up"
                                          class="anticon anticon-caret-up ant-table-column-sorter-up"
                                          role="img"
                                        >
                                          <svg
                                            aria-hidden="true"
                                            data-icon="caret-up"
                                            fill="currentColor"
                                            focusable="false"
                                            height="1em"
                                            viewBox="0 0 1024 1024"
                                            width="1em"
                                          >
                                            <path
                                              d="M858.9 689L530.5 308.2c-9.4-10.9-27.5-10.9-37 0L165.1 689c-12.2 14.2-1.2 35 18.5 35h656.8c19.7 0 30.7-20.8 18.5-35z"
                                            />
                                          </svg>
                                        </span>
                                        <span
                                          aria-label="caret-down"
                                          class="anticon anticon-caret-down ant-table-column-sorter-down"
                                          role="img"
                                        >
                                          <svg
                                            aria-hidden="true"
                                            data-icon="caret-down"
                                            fill="currentColor"
                                            focusable="false"
                                            height="1em"
                                            viewBox="0 0 1024 1024"
                                            width="1em"
                                          >
                                            <path
                                              d="M840.4 300H183.6c-19.7 0-30.7 20.8-18.5 35l328.4 380.8c9.4 10.9 27.5 10.9 37 0L858.9 335c12.2-14.2 1.2-35-18.5-35z"
                                            />
                                          </svg>
                                        </span>
                                      </span>
                                    </span>
                                  </div>
                                </th>
                              </tr>
                            </thead>
                          </table>
                        </div>
                        <div
                          class="ant-table-body"
                          style="overflow-x: auto; overflow-y: scroll; max-height: 500px;"
                        >
                          <table
                            style="min-width: 100%; table-layout: auto;"
                          >
                            <colgroup>
                              <col
                                style="width: 150px;"
                              />
                              <col
                                style="width: 100px;"
                              />
                              <col
                                style="width: 100px;"
                              />
                              <col
                                style="width: 100px;"
                              />
                              <col
                                style="width: 100px;"
                              />
                              <col
                                style="width: 100px;"
                              />
                              <col
                                style="width: 100px;"
                              />
                              <col
                                style="width: 100px;"
                              />
                              <col
                                style="width: 100px;"
                              />
                              <col
                                style="width: 100px;"
                              />
                              <col
                                style="width: 100px;"
                              />
                              <col
                                style="width: 100px;"
                              />
                              <col
                                style="width: 100px;"
                              />
                            </colgroup>
                            <tbody
                              class="ant-table-tbody"
                            >
                              <tr
                                aria-hidden="true"
                                class="ant-table-measure-row"
                                style="height: 0px; font-size: 0px;"
                              >
                                <td
                                  style="padding: 0px; border: 0px; height: 0px;"
                                >
                                  <div
                                    style="height: 0px; overflow: hidden;"
                                  >
                                     
                                  </div>
                                </td>
                                <td
                                  style="padding: 0px; border: 0px; height: 0px;"
                                >
                                  <div
                                    style="height: 0px; overflow: hidden;"
                                  >
                                     
                                  </div>
                                </td>
                                <td
                                  style="padding: 0px; border: 0px; height: 0px;"
                                >
                                  <div
                                    style="height: 0px; overflow: hidden;"
                                  >
                                     
                                  </div>
                                </td>
                                <td
                                  style="padding: 0px; border: 0px; height: 0px;"
                                >
                                  <div
                                    style="height: 0px; overflow: hidden;"
                                  >
                                     
                                  </div>
                                </td>
                                <td
                                  style="padding: 0px; border: 0px; height: 0px;"
                                >
                                  <div
                                    style="height: 0px; overflow: hidden;"
                                  >
                                     
                                  </div>
                                </td>
                                <td
                                  style="padding: 0px; border: 0px; height: 0px;"
                                >
                                  <div
                                    style="height: 0px; overflow: hidden;"
                                  >
                                     
                                  </div>
                                </td>
                                <td
                                  style="padding: 0px; border: 0px; height: 0px;"
                                >
                                  <div
                                    style="height: 0px; overflow: hidden;"
                                  >
                                     
                                  </div>
                                </td>
                                <td
                                  style="padding: 0px; border: 0px; height: 0px;"
                                >
                                  <div
                                    style="height: 0px; overflow: hidden;"
                                  >
                                     
                                  </div>
                                </td>
                                <td
                                  style="padding: 0px; border: 0px; height: 0px;"
                                >
                                  <div
                                    style="height: 0px; overflow: hidden;"
                                  >
                                     
                                  </div>
                                </td>
                                <td
                                  style="padding: 0px; border: 0px; height: 0px;"
                                >
                                  <div
                                    style="height: 0px; overflow: hidden;"
                                  >
                                     
                                  </div>
                                </td>
                                <td
                                  style="padding: 0px; border: 0px; height: 0px;"
                                >
                                  <div
                                    style="height: 0px; overflow: hidden;"
                                  >
                                     
                                  </div>
                                </td>
                                <td
                                  style="padding: 0px; border: 0px; height: 0px;"
                                >
                                  <div
                                    style="height: 0px; overflow: hidden;"
                                  >
                                     
                                  </div>
                                </td>
                                <td
                                  style="padding: 0px; border: 0px; height: 0px;"
                                >
                                  <div
                                    style="height: 0px; overflow: hidden;"
                                  >
                                     
                                  </div>
                                </td>
                              </tr>
                              <tr
                                class="ant-table-placeholder"
                              >
                                <td
                                  class="ant-table-cell"
                                  colspan="13"
                                >
                                  <div
                                    class="ant-empty ant-empty-normal"
                                  >
                                    <div
                                      class="ant-empty-image"
                                    >
                                      <svg
                                        height="41"
                                        viewBox="0 0 64 41"
                                        width="64"
                                        xmlns="http://www.w3.org/2000/svg"
                                      >
                                        <g
                                          fill="none"
                                          fill-rule="evenodd"
                                          transform="translate(0 1)"
                                        >
                                          <ellipse
                                            cx="32"
                                            cy="33"
                                            fill="#f5f5f5"
                                            rx="32"
                                            ry="7"
                                          />
                                          <g
                                            fill-rule="nonzero"
                                            stroke="#d9d9d9"
                                          >
                                            <path
                                              d="M55 12.76L44.854 1.258C44.367.474 43.656 0 42.907 0H21.093c-.749 0-1.46.474-1.947 1.257L9 12.761V22h46v-9.24z"
                                            />
                                            <path
                                              d="M41.613 15.931c0-1.605.994-2.93 2.227-2.931H55v18.137C55 33.26 53.68 35 52.05 35h-40.1C10.32 35 9 33.259 9 31.137V13h11.16c1.233 0 2.227 1.323 2.227 2.928v.022c0 1.605 1.005 2.901 2.237 2.901h14.752c1.232 0 2.237-1.308 2.237-2.913v-.007z"
                                              fill="#fafafa"
                                            />
                                          </g>
                                        </g>
                                      </svg>
                                    </div>
                                    <div
                                      class="ant-empty-description"
                                    >
                                      No data
                                    </div>
                                  </div>
                                </td>
                              </tr>
                            </tbody>
                          </table>
                        </div>
                      </div>
                    </div>
                  </div>
                </div>
              </div>
            </div>
          </div>
        </div>
        <div
          class="two p-4"
        >
          <div
            class="rounded-lg border bg-card text-card-foreground shadow-sm mb-5"
          >
            <div
              class="flex flex-col space-y-1.5 p-6 pb-3"
            >
              <h3
                class="text-2xl font-semibold leading-none tracking-tight"
              >
                Welcome!
                <span
                  style="float: right;"
                >
                  <button
                    class="inline-flex items-center justify-center rounded-md text-sm font-medium ring-offset-background transition-colors focus-visible:outline-none focus-visible:ring-2 focus-visible:ring-ring focus-visible:ring-offset-2 disabled:pointer-events-none disabled:opacity-50 h-6 w-6"
                  >
                    <svg
                      class="lucide lucide-x"
                      fill="none"
                      height="24"
                      stroke="currentColor"
                      stroke-linecap="round"
                      stroke-linejoin="round"
                      stroke-width="2"
                      viewBox="0 0 24 24"
                      width="24"
                      xmlns="http://www.w3.org/2000/svg"
                    >
                      <path
                        d="M18 6 6 18"
                      />
                      <path
                        d="m6 6 12 12"
                      />
                    </svg>
                  </button>
                </span>
              </h3>
            </div>
            <div
              class="p-6 pt-0 grid gap-1"
            >
              <br />
              <div
                class="flex font-bold text-xl"
              >
                What you see
              </div>
              <div>
                The height of each county is the % of voters that have early voted this year vs. in 2020 at the same, and the color is the split between Biden and Trump in 2020.
              </div>
              <br />
              <div
                class="flex font-bold text-xl"
              >
                How to get around
              </div>
              <div>
                <b>
                  See Precinct Level Details for A Single County
                </b>
                 
                <br />
                click on a county, then click the 'See Precinct Level' results button
                <br />
                <br />
                <b>
                  See Results for All Precincts
                </b>
                 
                <br />
                zoom in on the map using the "+" key on your keyboard. Once you're close enough, you'll see precinct level results
                <br />
                <br />
                <b>
                  It's tough to see the height. Can I see it better?
                </b>
                 
                <br />
                Press the shift key and then move your mouse up and down or left and right. That will move you around in the space
                <br />
                <br />
                <b>
                  What if the height should be something else?
                </b>
                 
                <br />
                Click the configuration gear on the top right and choose a different option for the height!
                <br />
                <br />
              </div>
            </div>
          </div>
          <div
            class="rounded-lg border bg-card text-card-foreground shadow-sm mb-5"
          >
            <div
              class="flex flex-col space-y-1.5 p-6 pb-3"
            >
              <h3
                class="text-2xl font-semibold leading-none tracking-tight"
              >
                Options
                <span
                  style="float: right;"
                >
                  <button
                    class="inline-flex items-center justify-center rounded-md text-sm font-medium ring-offset-background transition-colors focus-visible:outline-none focus-visible:ring-2 focus-visible:ring-ring focus-visible:ring-offset-2 disabled:pointer-events-none disabled:opacity-50 h-6 w-6"
                  >
                    <svg
                      class="lucide lucide-x"
                      fill="none"
                      height="24"
                      stroke="currentColor"
                      stroke-linecap="round"
                      stroke-linejoin="round"
                      stroke-width="2"
                      viewBox="0 0 24 24"
                      width="24"
                      xmlns="http://www.w3.org/2000/svg"
                    >
                      <path
                        d="M18 6 6 18"
                      />
                      <path
                        d="m6 6 12 12"
                      />
                    </svg>
                  </button>
                </span>
              </h3>
              <p
                class="text-sm text-muted-foreground"
              >
                Set what's displayed
              </p>
            </div>
            <div
              class="p-6 pt-0 grid gap-1"
            >
              <div
                class="mb-5"
              >
                <div
                  class="flex font-bold"
                >
                  Election Results
                </div>
                <div
                  class="flex flex-col space-y-1.5"
                >
                  <label
                    for="baseElection"
                  >
                    Base
                  </label>
                  <button
                    aria-autocomplete="none"
                    aria-controls="radix-:rc5:"
                    aria-expanded="false"
                    class="flex h-10 w-full items-center justify-between rounded-md border border-input bg-background px-3 py-2 text-sm ring-offset-background placeholder:text-muted-foreground focus:outline-none focus:ring-2 focus:ring-ring focus:ring-offset-2 disabled:cursor-not-allowed disabled:opacity-50"
                    data-state="closed"
                    dir="ltr"
                    id="baseElection"
                    role="combobox"
                    type="button"
                  >
                    <span
                      style="pointer-events: none;"
                    >
                      2022 Senate Runoff - US Senate
                    </span>
                    <svg
                      aria-hidden="true"
                      class="lucide lucide-chevron-down h-4 w-4 opacity-50"
                      fill="none"
                      height="24"
                      stroke="currentColor"
                      stroke-linecap="round"
                      stroke-linejoin="round"
                      stroke-width="2"
                      viewBox="0 0 24 24"
                      width="24"
                      xmlns="http://www.w3.org/2000/svg"
                    >
                      <path
                        d="m6 9 6 6 6-6"
                      />
                    </svg>
                  </button>
                </div>
                <div
                  class="flex flex-col space-y-1.5"
                >
                  <label
                    for="baseElection"
                  >
                    Compared to 
                  </label>
                  <button
                    aria-autocomplete="none"
                    aria-controls="radix-:rc7:"
                    aria-expanded="false"
                    class="flex h-10 w-full items-center justify-between rounded-md border border-input bg-background px-3 py-2 text-sm ring-offset-background placeholder:text-muted-foreground focus:outline-none focus:ring-2 focus:ring-ring focus:ring-offset-2 disabled:cursor-not-allowed disabled:opacity-50"
                    data-state="closed"
                    dir="ltr"
                    id="prevElection"
                    role="combobox"
                    type="button"
                  >
                    <span
                      style="pointer-events: none;"
                    >
                      2022 General - US Senate
                    </span>
                    <svg
                      aria-hidden="true"
                      class="lucide lucide-chevron-down h-4 w-4 opacity-50"
                      fill="none"
                      height="24"
                      stroke="currentColor"
                      stroke-linecap="round"
                      stroke-linejoin="round"
                      stroke-width="2"
                      viewBox="0 0 24 24"
                      width="24"
                      xmlns="http://www.w3.org/2000/svg"
                    >
                      <path
                        d="m6 9 6 6 6-6"
                      />
                    </svg>
                  </button>
                </div>
              </div>
              <div
                class="mb-5"
              >
                <div
                  class="flex font-bold"
                >
                  Absentee Ballots
                </div>
                <div
                  class="flex flex-col space-y-1.5"
                >
                  <label
                    for="baseElection"
                  >
                    Compared to 
                  </label>
                  <button
                    aria-autocomplete="none"
                    aria-controls="radix-:rc9:"
                    aria-expanded="false"
                    class="flex h-10 w-full items-center justify-between rounded-md border border-input bg-background px-3 py-2 text-sm ring-offset-background placeholder:text-muted-foreground focus:outline-none focus:ring-2 focus:ring-ring focus:ring-offset-2 disabled:cursor-not-allowed disabled:opacity-50"
                    data-state="closed"
                    dir="ltr"
                    id="comparedTo"
                    role="combobox"
                    type="button"
                  >
                    <span
                      style="pointer-events: none;"
                    >
                      2022 General
                    </span>
                    <svg
                      aria-hidden="true"
                      class="lucide lucide-chevron-down h-4 w-4 opacity-50"
                      fill="none"
                      height="24"
                      stroke="currentColor"
                      stroke-linecap="round"
                      stroke-linejoin="round"
                      stroke-width="2"
                      viewBox="0 0 24 24"
                      width="24"
                      xmlns="http://www.w3.org/2000/svg"
                    >
                      <path
                        d="m6 9 6 6 6-6"
                      />
                    </svg>
                  </button>
                </div>
              </div>
              <div
                class="flex font-bold"
              >
                Selected County/Precinct Data
              </div>
              <div
                class="flex flex-col gap-2"
              >
                <div
                  class="items-top flex space-x-2"
                >
                  <button
                    aria-checked="true"
                    class="peer h-4 w-4 shrink-0 rounded-sm border border-primary ring-offset-background focus-visible:outline-none focus-visible:ring-2 focus-visible:ring-ring focus-visible:ring-offset-2 disabled:cursor-not-allowed disabled:opacity-50 data-[state=checked]:bg-primary data-[state=checked]:text-primary-foreground"
                    data-state="checked"
                    id="absBallots"
                    role="checkbox"
                    type="button"
                    value="on"
                  >
                    <span
                      class="flex items-center justify-center text-current"
                      data-state="checked"
                      style="pointer-events: none;"
                    >
                      <svg
                        class="lucide lucide-check h-4 w-4"
                        fill="none"
                        height="24"
                        stroke="currentColor"
                        stroke-linecap="round"
                        stroke-linejoin="round"
                        stroke-width="2"
                        viewBox="0 0 24 24"
                        width="24"
                        xmlns="http://www.w3.org/2000/svg"
                      >
                        <path
                          d="M20 6 9 17l-5-5"
                        />
                      </svg>
                    </span>
                  </button>
                  <div
                    class="grid gap-1.5 leading-none"
                  >
                    <label
                      class="text-sm font-medium leading-none peer-disabled:cursor-not-allowed peer-disabled:opacity-70"
                      for="absBallots"
                    >
                      Absentee Ballots
                    </label>
                  </div>
                </div>
                <div
                  class="items-top flex space-x-2"
                >
                  <button
                    aria-checked="false"
                    class="peer h-4 w-4 shrink-0 rounded-sm border border-primary ring-offset-background focus-visible:outline-none focus-visible:ring-2 focus-visible:ring-ring focus-visible:ring-offset-2 disabled:cursor-not-allowed disabled:opacity-50 data-[state=checked]:bg-primary data-[state=checked]:text-primary-foreground"
                    data-state="unchecked"
                    id="showVoteMode"
                    role="checkbox"
                    type="button"
                    value="on"
                  />
                  <div
                    class="grid gap-1.5 leading-none"
                  >
                    <label
                      class="text-sm font-medium leading-none peer-disabled:cursor-not-allowed peer-disabled:opacity-70"
                      for="showVoteMode"
                    >
                      Votes by Mode
                    </label>
                  </div>
                </div>
                <div
                  class="items-top flex space-x-2"
                >
                  <button
                    aria-checked="false"
                    class="peer h-4 w-4 shrink-0 rounded-sm border border-primary ring-offset-background focus-visible:outline-none focus-visible:ring-2 focus-visible:ring-ring focus-visible:ring-offset-2 disabled:cursor-not-allowed disabled:opacity-50 data-[state=checked]:bg-primary data-[state=checked]:text-primary-foreground"
                    data-state="unchecked"
                    id="showDemographics"
                    role="checkbox"
                    type="button"
                    value="on"
                  />
                  <div
                    class="grid gap-1.5 leading-none"
                  >
                    <label
                      class="text-sm font-medium leading-none peer-disabled:cursor-not-allowed peer-disabled:opacity-70"
                      for="showDemographics"
                    >
                      Demographics
                    </label>
                  </div>
                </div>
              </div>
            </div>
          </div>
          <span>
            Loading...
          </span>
        </div>
      </div>
    </div>
  </div>
</body>
`;
